<html>
<body>
<pre>
<h1>µVision Build Log</h1>
<h2>Tool Versions:</h2>
IDE-Version: µVision V5.33.0.0
Copyright (C) 2020 ARM Ltd and ARM Germany GmbH. All rights reserved.
License Information: Harsahib Matharoo, Computer Engineering 2DX4, LIC=----
 
Tool Versions:
Toolchain:       MDK-Lite  Version: 5.33.0.0
Toolchain Path:  D:\KEIL SOFTWARE\keil new\ARM\ARMCC\Bin
C Compiler:      Armcc.exe V5.06 update 7 (build 960)
Assembler:       Armasm.exe V5.06 update 7 (build 960)
Linker/Locator:  ArmLink.exe V5.06 update 7 (build 960)
Library Manager: ArmAr.exe V5.06 update 7 (build 960)
Hex Converter:   FromElf.exe V5.06 update 7 (build 960)
CPU DLL:         SARMCM3.DLL V5.33.0.0
Dialog DLL:      DCM.DLL V1.17.3.0
Target DLL:      CMSIS_AGDI.dll V1.32.12.0
Dialog DLL:      TCM.DLL V1.48.0.0
 
<h2>Project:</h2>
D:\Downloads\2-Keil_matharoh\2-Keil_matharoh\2-Keil_matharoh.uvprojx
Project File Date:  04/14/2021

<h2>Output:</h2>
*** Using Compiler 'V5.06 update 7 (build 960)', folder: 'D:\KEIL SOFTWARE\keil new\ARM\ARMCC\Bin'
Build target 'Target 1'
linking...
Program Size: Code=14050 RO-data=1166 RW-data=24 ZI-data=2856  
".\Objects\Lab7_ToF.axf" - 0 Error(s), 0 Warning(s).

<h2>Software Packages used:</h2>

Package Vendor: ARM
                http://www.keil.com/pack/ARM.CMSIS.5.7.0.pack
                ARM.CMSIS.5.7.0
                CMSIS (Cortex Microcontroller Software Interface Standard)
   * Component: CORE Version: 5.4.0

Package Vendor: TexasInstruments
                http://software-dl.ti.com/msp430/msp430_public_sw/mcu/msp430/msp432cmsis/latest/exports/TexasInstruments.MSP432E4_DFP.3.2.6.pack
                TexasInstruments.MSP432E4_DFP.3.2.6
                Device Family Pack for Texas Instruments SimpleLink(TM) MSP432E4 Series
   * Component: Startup Version: 3.2.3

<h2>Collection of Component include folders:</h2>
  .\RTE\_Target_1
  D:\KEIL SOFTWARE\keil new\ARM\CMSIS\5.7.0\CMSIS\Core\Include
  D:\KEIL SOFTWARE\keil new\TexasInstruments\MSP432E4_DFP\3.2.6\Device\Include

<h2>Collection of Component Files used:</h2>

   * Component: ARM::CMSIS:CORE:5.4.0

   * Component: TexasInstruments::Device:Startup:3.2.3
      Source file:   Device\Source\system_msp432e401y.c
      Source file:   Examples\EmptyMain\main.c
      Source file:   Examples\BlinkLED\blinkLED.c
      Source file:   Device\Source\startup_msp432e401y_uvision.s
Build Time Elapsed:  00:00:00
</pre>
</body>
</html>
